<?xml version="1.0" encoding="utf-8"?><testsuites name="pytest tests"><testsuite name="pytest" errors="0" failures="0" skipped="0" tests="13" time="157.126" timestamp="2025-06-05T12:14:39.125871+03:00" hostname="CCNY_Apple_DEP_KWWLWNJQH3"><testcase classname="tests.test_channel_videos" name="test_get_channel_video_info" time="0.005" /><testcase classname="tests.test_channel_videos" name="test_get_channel_video_info_error" time="0.002" /><testcase classname="tests.test_channel_videos" name="test_get_video_details" time="0.001" /><testcase classname="tests.test_channel_videos" name="test_parse_upload_date" time="0.002" /><testcase classname="tests.test_channel_videos" name="test_get_unique_csv_filename" time="0.002" /><testcase classname="tests.test_channel_videos" name="test_youtube_dl_output_format" time="0.001" /><testcase classname="tests.test_channel_videos" name="test_main_with_channel_url" time="0.005" /><testcase classname="tests.test_channel_videos" name="test_main_with_date_filters" time="0.005" /><testcase classname="tests.test_channel_videos" name="test_main_with_invalid_date" time="0.002" /><testcase classname="tests.test_channel_videos" name="test_main_with_log_file" time="0.004" /><testcase classname="tests.test_channel_videos" name="test_main_with_no_channel_info" time="0.003" /><testcase classname="tests.test_channel_videos" name="test_main_with_invalid_entries" time="0.002" /><testcase classname="tests.test_channel_videos" name="test_main_with_missing_video_data" time="0.003" /><testcase time="0.000" /></testsuite></testsuites>